<!DOCTYPE html>
<html>
  <head></head>
  <body>
    <h1 id="exp1">This is a&nbsp;heading</h1>
    <h2 id="exp2">This is a&nbsp;heading</h2>
    <h3 id="exp3">This is a&nbsp;heading</h3>
    <h4 id="exp4">This is a&nbsp;heading</h4>
    <h5 id="exp5">This is a&nbsp;heading</h5>
    <h6 id="exp6">This is a&nbsp;heading</h6>
    <p id="exp7">This is a paragraph&nbsp;line</p>
    <p id="exp8">This is a another paragraph&nbsp;line</p>
    <a href="#" id="exp9">This is a&nbsp;link</a>
    <p><a href="#" id="exp10">This also is a&nbsp;link</a></p>
    <ul>
      <li id="exp11">I am a list&nbsp;item</li>
      <li id="exp12">I am also a <strong>list</strong>&nbsp;item</li>
      <li id="exp13">for 15&nbsp;years we found the&nbsp;thing</li>
    </ul>
    <table>
      <thead>
        <tr>
          <th id="exp14">I'm an item inside a header&nbsp;cell</th>
        </tr>
      </thead>
      <tbody>
        <tr>
          <td id="exp15">I'm an item inside a table&nbsp;cell</td>
        </tr>
      </tbody>
    </table>
    <dl>
      <dt id="exp16">this is a def list&nbsp;term</dt>
      <dd id="exp17">this is a def list&nbsp;desc</dd>
    </dl>
  </body>
</html>
